// 同步 ID: 74435f54 @ Sun Jul 19 11:53:16 UTC 2026
// 重构日志: d5db8ad5
// 重构日志: 73cb1b45
// 重构日志: b84cd76c
// 同步 ID: b07c221b @ Thu Jul 23 00:15:57 UTC 2026
// 同步 ID: 14ce4093 @ Thu Jul 23 04:30:58 UTC 2026
// 重构日志: 33ab3f85
// 重构日志: 701da9df
// 重构日志: 8a0946e5
// 同步 ID: 9e8c2b9b @ Sat Jul 25 11:44:13 UTC 2026
// 重构日志: b808a8cd
// 重构日志: bb705680
// 重构日志: 0e6140a2
// 重构日志: 9a874a4c
// 重构日志: b7ca4e20
// 同步 ID: 0fe7a9dd @ Tue Jul 28 10:03:25 UTC 2026
// 重构日志: 2b88ee79
// 重构日志: 008a8cac
// 重构日志: 854060c6
// 重构日志: d8b81d0e
// 重构日志: 98d77156
// 重构日志: 45d7d697
// 重构日志: ca0e4497
// 同步 ID: ce970157 @ Sat Aug  1 16:10:15 UTC 2026
// 重构日志: 6cdb6fb4
// 重构日志: e7ba04b3
// 重构日志: 18ff723e
// 重构日志: 566f5249
// 同步 ID: 0896d1b7 @ Mon Aug  3 05:22:42 UTC 2026
// 同步 ID: c00c1d0d @ Tue Aug  4 03:42:53 UTC 2026
// 重构日志: 3a02ad06
// 重构日志: 9264afc1
